GOOGLE_GENAI_USE_VERTEXAI=FALSE
GOOGLE_API_KEY=
==========
#chapter 2 - 2nd google adk agent
python -m venv .venv
python --version ##Python 3.11.7
source .venv/bin/activate

python agent.py
Final response:  The capital of Kodagu (also known as Coorg) is **Madikeri**.

============
(.venv) (base) ponnappa@192 g02_basic_agent_noweb % cd ..
(.venv) (base) ponnappa@192 google_adk_agents % git init
hint: Using 'master' as the name for the initial branch. This default branch name
hint: is subject to change. To configure the initial branch name to use in all
hint: of your new repositories, which will suppress this warning, call:
hint: 
hint:   git config --global init.defaultBranch <name>
hint: 
hint: Names commonly chosen instead of 'master' are 'main', 'trunk' and
hint: 'development'. The just-created branch can be renamed via this command:
hint: 
hint:   git branch -m <name>
Initialized empty Git repository in /Users/ponnappa/Documents/google_adk_agents/.git/

(.venv) (base) ponnappa@192 google_adk_agents % git init
Reinitialized existing Git repository in /Users/ponnappa/Documents/google_adk_agents/.git/
(.venv) (base) ponnappa@192 google_adk_agents % git status

(base) ponnappa@192 g01_basic_agent % git add .
(base) ponnappa@192 g01_basic_agent % ls -la
total 72
drwxr-xr-x  12 ponnappa  staff   384 Mar 29 15:21 .
drwxr-xr-x@  9 ponnappa  staff   288 Mar 29 15:20 ..
-rw-r--r--@  1 ponnappa  staff  6148 Mar 29 15:23 .DS_Store
drwxr-xr-x   3 ponnappa  staff    96 Mar 29 13:22 .adk
-rw-r--r--   1 ponnappa  staff    98 Mar 29 15:13 .env
drwxr-xr-x  10 ponnappa  staff   320 Mar 29 15:27 .git
-rw-r--r--   1 ponnappa  staff   289 Mar 29 15:16 .gitignore
-rw-r--r--   1 ponnappa  staff  9242 Mar 29 14:59 Readme.md
-rw-r--r--   1 ponnappa  staff     0 Mar 29 13:05 __init__.py
drwxr-xr-x   4 ponnappa  staff   128 Mar 29 13:21 __pycache__
-rw-r--r--   1 ponnappa  staff   221 Mar 29 13:20 agent.py
-rw-r--r--   1 ponnappa  staff   198 Mar 29 15:03 env.txt

(base) ponnappa@192 g01_basic_agent % git rm --cached .DS_Store
error: the following file has staged content different from both the
file and the HEAD:
    .DS_Store
(use -f to force removal)
(base) ponnappa@192 g01_basic_agent % git rm -f --cached .DS_Store
rm '.DS_Store'
(base) ponnappa@192 g01_basic_agent % git rm -f --cached __pycache__/__init__.cpython-311.pyc
rm '__pycache__/__init__.cpython-311.pyc'
(base) ponnappa@192 g01_basic_agent % git rm -f --cached __pycache__/agent.cpython-311.pyc   
rm '__pycache__/agent.cpython-311.pyc'

(base) ponnappa@192 google_adk_agents % git add .
error: 'g01_basic_agent/' does not have a commit checked out
fatal: adding files failed
(base) ponnappa@192 google_adk_agents %          

[master (root-commit) 0d3dec8] Initial commit of all projects
 Committer: ponnappa KUTTANDA PRABHU <ponnappa@192.168.1.3>
Your name and email address were configured automatically based
on your username and hostname. Please check that they are accurate.
You can suppress this message by setting them explicitly. Run the
following command and follow the instructions in your editor to edit
your configuration file:

    git config --global --edit

After doing this, you may fix the identity used for this commit with:

    git commit --amend --reset-author

 1 file changed, 229 insertions(+)
 create mode 100644 .gitignore
(base) ponnappa@192 google_adk_agents % 
git config --global user.name "Ponnappa Ponjanda Appaiah"
git config --global user.email mygmail@abc.com

(base) ponnappa@192 bin % cd ~
(base) ponnappa@192 ~ % ls
Applications            Documents               Mirror                  Pictures                ponnappa
CARBACKUP               Downloads               Movies                  Public                  ponnappa github genai
Desktop                 Library                 Music                   big_duplicates.txt
(base) ponnappa@192 ~ % ssh-keygen -t ed25519 -C "mygmail@abc.com"
Generating public/private ed25519 key pair.
Enter file in which to save the key (/Users/ponnappa/.ssh/id_ed25519): /Users/ponnappa/.ssh/ssh_github_key_ponn_gmail
Created directory '/Users/ponnappa/.ssh'.
Enter passphrase for "/Users/ponnappa/.ssh/ssh_github_key_ponn_gmail" (empty for no passphrase): 
Enter same passphrase again: 
Your identification has been saved in /Users/ponnappa/.ssh/ssh_github_key_ponn_gmail
Your public key has been saved in /Users/ponnappa/.ssh/ssh_github_key_ponn_gmail.pub
The key fingerprint is:
SHA256:XxXXXXXXXXXXXXXXXXXXXXXXXXXXXXXXXXXXXXXXXXX mygmail@abc.com
The key's randomart image is:

(base) ponnappa@192 ~ % cd .ssh 
(base) ponnappa@192 .ssh % ls
ssh_github_key_ponn_gmail       ssh_github_key_ponn_gmail.pub
(base) ponnappa@192 .ssh % 

(base) ponnappa@192 .ssh % cd ..
(base) ponnappa@192 ~ % cd Documents/google_adk_agents 
(base) ponnappa@192 google_adk_agents % git remote add origin https://github.com/p0nnappa/google_adk_projects.git
(base) ponnappa@192 google_adk_agents % git remote
origin
(base) ponnappa@192 google_adk_agents % git status
On branch master
Untracked files:
  (use "git add <file>..." to include in what will be committed)
        g01_basic_agent/
        g02_basic_agent_noweb/

nothing added to commit but untracked files present (use "git add" to track)
(base) ponnappa@192 google_adk_agents % git add .
error: 'g01_basic_agent/' does not have a commit checked out
fatal: adding files failed
(base) ponnappa@192 google_adk_agents % git init
Reinitialized existing Git repository in /Users/ponnappa/Documents/google_adk_agents/.git/
(base) ponnappa@192 google_adk_agents % git status
On branch master
Untracked files:
  (use "git add <file>..." to include in what will be committed)
        g01_basic_agent/
        g02_basic_agent_noweb/

nothing added to commit but untracked files present (use "git add" to track)
(base) ponnappa@192 google_adk_agents % git add . 
error: 'g01_basic_agent/' does not have a commit checked out
fatal: adding files failed
(base) ponnappa@192 google_adk_agents % rm -rf /Users/ponnappa/Documents/google_adk_agents/g01_basic_agent/.git

(base) ponnappa@192 google_adk_agents % git add .                                                              
(base) ponnappa@192 google_adk_agents % git status
On branch master
Changes to be committed:
  (use "git restore --staged <file>..." to unstage)
        new file:   g01_basic_agent/.gitignore
        new file:   g01_basic_agent/__init__.py
        new file:   g01_basic_agent/agent.py
        new file:   g01_basic_agent/env.txt
        new file:   g02_basic_agent_noweb/.gitignore
        new file:   g02_basic_agent_noweb/agent.py
        new file:   g02_basic_agent_noweb/asyncio_demo.py
        new file:   g02_basic_agent_noweb/env.txt

(base) ponnappa@192 google_adk_agents % git commit -m "first commit 2 adk agents"
[master ac8a50f] first commit 2 adk agents
 8 files changed, 120 insertions(+)
 create mode 100644 g01_basic_agent/.gitignore
 create mode 100644 g01_basic_agent/__init__.py
 create mode 100644 g01_basic_agent/agent.py
 create mode 100644 g01_basic_agent/env.txt
 create mode 100644 g02_basic_agent_noweb/.gitignore
 create mode 100644 g02_basic_agent_noweb/agent.py
 create mode 100644 g02_basic_agent_noweb/asyncio_demo.py
 create mode 100644 g02_basic_agent_noweb/env.txt
(base) ponnappa@192 google_adk_agents % 

(base) ponnappa@192 google_adk_agents % git branch -M main
(base) ponnappa@192 google_adk_agents % git push -u origin main
Enumerating objects: 13, done.
Counting objects: 100% (13/13), done.
Delta compression using up to 8 threads
Compressing objects: 100% (11/11), done.
Writing objects: 100% (13/13), 4.23 KiB | 4.23 MiB/s, done.
Total 13 (delta 0), reused 0 (delta 0), pack-reused 0
To https://github.com/p0nnappa/google_adk_projects.git
 * [new branch]      main -> main
Branch 'main' set up to track remote branch 'main' from 'origin'.

=========

git push origin main

Enumerating objects: 7, done.
Counting objects: 100% (7/7), done.
Delta compression using up to 8 threads
Compressing objects: 100% (4/4), done.
Writing objects: 100% (4/4), 2.56 KiB | 2.56 MiB/s, done.
Total 4 (delta 2), reused 0 (delta 0), pack-reused 0
remote: Resolving deltas: 100% (2/2), completed with 2 local objects.
To https://github.com/p0nnappa/google_adk_projects.git
   ac8a50f..f514cbb  main -> main

% python agent.py
Final response:  The capital of Kodagu district in Karnataka, India, is **Madikeri** (also known as Mercara).   